[getbootstrap.com/docs/5.0/components/badge/index.html]
[getbootstrap.com/docs/5.0/components/breadcrumb/index.html]
[getbootstrap.com/docs/5.0/components/buttons/index.html]
[getbootstrap.com/docs/5.0/components/button-group/index.html]
[getbootstrap.com/docs/5.0/components/card/index.html]
[getbootstrap.com/docs/5.0/components/carousel/index.html]
[getbootstrap.com/docs/5.0/components/close-button/index.html]
[getbootstrap.com/docs/5.0/components/collapse/index.html]
[getbootstrap.com/docs/5.0/components/dropdowns/index.html]
[getbootstrap.com/docs/5.0/components/list-group/index.html]
[getbootstrap.com/docs/5.0/components/modal/index.html]
[getbootstrap.com/docs/5.0/components/navs-tabs/index.html]
[getbootstrap.com/docs/5.0/components/navbar/index.html]
[getbootstrap.com/docs/5.0/components/offcanvas/index.html]
[getbootstrap.com/docs/5.0/components/pagination/index.html]
[getbootstrap.com/docs/5.0/components/popovers/index.html]
[getbootstrap.com/docs/5.0/components/progress/index.html]
[getbootstrap.com/docs/5.0/components/spinners/index.html]
[getbootstrap.com/docs/5.0/components/scrollspy/index.html]
[getbootstrap.com/docs/5.0/components/toasts/index.html]
[getbootstrap.com/docs/5.0/components/tooltips/index.html]
[getbootstrap.com/docs/5.0/helpers/colored-links/index.html]
[getbootstrap.com/docs/5.0/helpers/ratio/index.html]
[getbootstrap.com/docs/5.0/helpers/position/index.html]
[getbootstrap.com/docs/5.0/helpers/stretched-link/index.html]
[getbootstrap.com/docs/5.0/helpers/visually-hidden/index.html]
[getbootstrap.com/docs/5.0/helpers/text-truncation/index.html]
[getbootstrap.com/docs/5.0/utilities/api/index.html]
[getbootstrap.com/docs/5.0/utilities/background/index.html]
[getbootstrap.com/docs/5.0/utilities/borders/index.html]
[getbootstrap.com/docs/5.0/utilities/colors/index.html]
[getbootstrap.com/docs/5.0/utilities/display/index.html]
[getbootstrap.com/docs/5.0/utilities/flex/index.html]
[getbootstrap.com/docs/5.0/utilities/float/index.html]
[getbootstrap.com/docs/5.0/utilities/interactions/index.html]
[getbootstrap.com/docs/5.0/utilities/overflow/index.html]
[getbootstrap.com/docs/5.0/utilities/position/index.html]
[getbootstrap.com/docs/5.0/utilities/shadows/index.html]
[getbootstrap.com/docs/5.0/utilities/sizing/index.html]
[getbootstrap.com/docs/5.0/utilities/spacing/index.html]
[getbootstrap.com/docs/5.0/utilities/vertical-align/index.html]
[getbootstrap.com/docs/5.0/extend/approach/index.html]
[getbootstrap.com/docs/5.0/extend/icons/index.html]
[getbootstrap.com/docs/5.0/utilities/text/index.html]
[getbootstrap.com/docs/5.0/utilities/visibility/index.html]
[getbootstrap.com/docs/5.0/about/team/index.html]
[getbootstrap.com/docs/5.0/about/brand/index.html]
[getbootstrap.com/docs/5.0/about/license/index.html]
[getbootstrap.com/docs/5.0/about/translations/index.html]
[getbootstrap.com/docs/5.0/getting-started/introduction/index.html]
[getbootstrap.com/docs/5.0/getting-started/download/index.html]
[getbootstrap.com/docs/5.0/getting-started/contents/index.html]
[getbootstrap.com/docs/5.0/getting-started/browsers-devices/index.html]
[getbootstrap.com/docs/5.0/getting-started/build-tools/index.html]
[getbootstrap.com/docs/5.0/getting-started/webpack/index.html]
[getbootstrap.com/docs/5.0/getting-started/parcel/index.html]
[getbootstrap.com/docs/5.0/getting-started/accessibility/index.html]
[getbootstrap.com/docs/5.0/helpers/clearfix/index.html]
[getbootstrap.com/docs/5.0/about/overview/index.html]
[backblue.gif]
[fade.gif]
[index.html]
[getbootstrap.com/docs/5.0/getting-started/rfs/index.html]
[getbootstrap.com/docs/5.0/getting-started/javascript/index.html]
[getbootstrap.com/docs/5.0/customize/overview/index.html]
[getbootstrap.com/docs/5.0/getting-started/rtl/index.html]
[getbootstrap.com/docs/5.0/customize/sass/index.html]
[getbootstrap.com/docs/5.0/customize/components/index.html]
[getbootstrap.com/docs/5.0/customize/css-variables/index.html]
[getbootstrap.com/docs/5.0/customize/options/index.html]
[getbootstrap.com/docs/5.0/customize/color/index.html]
[getbootstrap.com/docs/5.0/customize/optimize/index.html]
[getbootstrap.com/docs/5.0/dist/css/bootstrap.min.css]
[getbootstrap.com/docs/5.0/layout/breakpoints/index.html]
[getbootstrap.com/docs/5.0/layout/grid/index.html]
[getbootstrap.com/docs/5.0/assets/css/docs.css]
[getbootstrap.com/docs/5.0/layout/utilities/index.html]
[getbootstrap.com/docs/5.0/layout/containers/index.html]
[getbootstrap.com/docs/5.0/assets/img/favicons/apple-touch-icon.png]
[getbootstrap.com/docs/5.0/layout/z-index/index.html]
[getbootstrap.com/docs/5.0/layout/gutters/index.html]
[getbootstrap.com/docs/5.0/layout/columns/index.html]
[getbootstrap.com/docs/5.0/assets/img/favicons/favicon-32x32.png]
[getbootstrap.com/docs/5.0/content/reboot/index.html]
[getbootstrap.com/docs/5.0/content/figures/index.html]
[getbootstrap.com/docs/5.0/content/tables/index.html]
[getbootstrap.com/docs/5.0/content/typography/index.html]
[getbootstrap.com/docs/5.0/assets/img/favicons/favicon-16x16.png]
[getbootstrap.com/docs/5.0/forms/form-control/index.html]
[getbootstrap.com/docs/5.0/forms/select/index.html]
[getbootstrap.com/docs/5.0/forms/overview/index.html]
[getbootstrap.com/docs/5.0/content/images/index.html]
[getbootstrap.com/docs/5.0/assets/img/favicons/manifest.json]
[getbootstrap.com/docs/5.0/forms/input-group/index.html]
[getbootstrap.com/docs/5.0/forms/checks-radios/index.html]
[getbootstrap.com/docs/5.0/forms/range/index.html]
[getbootstrap.com/docs/5.0/forms/floating-labels/index.html]
[getbootstrap.com/docs/5.0/assets/img/favicons/safari-pinned-tab.svg]
[getbootstrap.com/docs/5.0/forms/validation/index.html]
[getbootstrap.com/docs/5.0/components/accordion/index.html]
[getbootstrap.com/docs/5.0/components/alerts/index.html]
[getbootstrap.com/docs/5.0/assets/img/favicons/favicon.ico]
[getbootstrap.com/docs/5.0/assets/brand/bootstrap-social.png]
[www.google-analytics.com/analytics.js]
[getbootstrap.com/docs/5.0/forms/layout/index.html]
[getbootstrap.com/docs/5.0/components/badge/index.html]
[getbootstrap.com/docs/5.0/components/breadcrumb/index.html]
[getbootstrap.com/docs/5.0/components/buttons/index.html]
[getbootstrap.com/docs/5.0/components/button-group/index.html]
[getbootstrap.com/docs/5.0/components/card/index.html]
[getbootstrap.com/docs/5.0/components/carousel/index.html]
[getbootstrap.com/docs/5.0/components/close-button/index.html]
[getbootstrap.com/docs/5.0/components/collapse/index.html]
[getbootstrap.com/docs/5.0/assets/js/docs.min.js]
[getbootstrap.com/docs/5.0/components/dropdowns/index.html]
[getbootstrap.com/docs/5.0/components/list-group/index.html]
[getbootstrap.com/docs/5.0/components/modal/index.html]
[getbootstrap.com/docs/5.0/components/navs-tabs/index.html]
[getbootstrap.com/docs/5.0/assets/brand/bootstrap-logo.svg]
[getbootstrap.com/docs/5.0/components/navbar/index.html]
[getbootstrap.com/docs/5.0/components/offcanvas/index.html]
[getbootstrap.com/docs/5.0/components/pagination/index.html]
[getbootstrap.com/docs/5.0/components/popovers/index.html]
[getbootstrap.com/docs/5.0/components/progress/index.html]
[getbootstrap.com/docs/5.0/components/scrollspy/index.html]
[getbootstrap.com/docs/5.0/components/spinners/index.html]
[getbootstrap.com/docs/5.0/components/toasts/index.html]
[getbootstrap.com/docs/5.0/components/tooltips/index.html]
[getbootstrap.com/docs/5.0/helpers/clearfix/index.html]
[getbootstrap.com/docs/5.0/helpers/colored-links/index.html]
[getbootstrap.com/docs/5.0/helpers/ratio/index.html]
[getbootstrap.com/docs/5.0/helpers/position/index.html]
[getbootstrap.com/docs/5.0/helpers/visually-hidden/index.html]
[getbootstrap.com/docs/5.0/helpers/stretched-link/index.html]
[getbootstrap.com/docs/5.0/helpers/text-truncation/index.html]
[getbootstrap.com/docs/5.0/utilities/api/index.html]
[getbootstrap.com/docs/5.0/utilities/background/index.html]
[getbootstrap.com/docs/5.0/utilities/borders/index.html]
[getbootstrap.com/docs/5.0/utilities/colors/index.html]
[getbootstrap.com/docs/5.0/utilities/display/index.html]
[getbootstrap.com/docs/5.0/utilities/flex/index.html]
[getbootstrap.com/docs/5.0/utilities/float/index.html]
[getbootstrap.com/docs/5.0/utilities/interactions/index.html]
[getbootstrap.com/docs/5.0/utilities/overflow/index.html]
[getbootstrap.com/docs/5.0/utilities/position/index.html]
[getbootstrap.com/docs/5.0/utilities/shadows/index.html]
[getbootstrap.com/docs/5.0/utilities/sizing/index.html]
[getbootstrap.com/docs/5.0/utilities/spacing/index.html]
[getbootstrap.com/docs/5.0/utilities/text/index.html]
[getbootstrap.com/docs/5.0/utilities/vertical-align/index.html]
[getbootstrap.com/docs/5.0/utilities/visibility/index.html]
[getbootstrap.com/docs/5.0/extend/approach/index.html]
[getbootstrap.com/docs/5.0/extend/icons/index.html]
[getbootstrap.com/docs/5.0/about/overview/index.html]
[cdn.jsdelivr.net/npm/@popperjs/core@2.9.2/dist/umd/popper.min.js]
[getbootstrap.com/docs/5.0/dist/js/bootstrap.bundle.min.js]
[cdn.jsdelivr.net/npm/docsearch.js@2/dist/cdn/docsearch.min.js]
[getbootstrap.com/docs/5.0/about/team/index.html]
[getbootstrap.com/docs/5.0/assets/brand/bootstrap-logo-white.svg]
[getbootstrap.com/docs/5.0/about/brand/index.html]
[getbootstrap.com/docs/5.0/about/license/index.html]
[getbootstrap.com/docs/5.0/about/translations/index.html]
[getbootstrap.com/docs/5.0/getting-started/introduction/index.html]
[getbootstrap.com/docs/5.0/assets/brand/bootstrap-logo-black.svg]
[getbootstrap.com/docs/5.0/getting-started/download/index.html]
[getbootstrap.com/docs/5.0/getting-started/contents/index.html]
[getbootstrap.com/docs/5.0/getting-started/browsers-devices/index.html]
[getbootstrap.com/docs/5.0/getting-started/javascript/index.html]
[getbootstrap.com/docs/5.0/getting-started/build-tools/index.html]
[getbootstrap.com/docs/5.0/getting-started/webpack/index.html]
[getbootstrap.com/docs/5.0/getting-started/parcel/index.html]
[getbootstrap.com/docs/5.0/getting-started/accessibility/index.html]
[getbootstrap.com/docs/5.0/getting-started/rfs/index.html]
[getbootstrap.com/docs/5.0/getting-started/rtl/index.html]
[getbootstrap.com/docs/5.0/customize/overview/index.html]
[getbootstrap.com/docs/5.0/customize/sass/index.html]
[getbootstrap.com/docs/5.0/customize/options/index.html]
[getbootstrap.com/docs/5.0/customize/color/index.html]
[getbootstrap.com/docs/5.0/customize/components/index.html]
[getbootstrap.com/docs/5.0/customize/css-variables/index.html]
[getbootstrap.com/docs/5.0/customize/optimize/index.html]
[getbootstrap.com/docs/5.0/layout/breakpoints/index.html]
[getbootstrap.com/docs/5.0/layout/grid/index.html]
[getbootstrap.com/docs/5.0/layout/containers/index.html]
[getbootstrap.com/docs/5.0/layout/columns/index.html]
[getbootstrap.com/docs/5.0/layout/gutters/index.html]
[getbootstrap.com/docs/5.0/layout/utilities/index.html]
[getbootstrap.com/docs/5.0/layout/z-index/index.html]
[getbootstrap.com/docs/5.0/content/reboot/index.html]
[getbootstrap.com/docs/5.0/content/typography/index.html]
[getbootstrap.com/docs/5.0/content/images/index.html]
[getbootstrap.com/docs/5.0/content/tables/index.html]
[getbootstrap.com/docs/5.0/content/figures/index.html]
[getbootstrap.com/docs/5.0/forms/overview/index.html]
[getbootstrap.com/docs/5.0/forms/form-control/index.html]
[getbootstrap.com/docs/5.0/forms/select/index.html]
[getbootstrap.com/docs/5.0/forms/checks-radios/index.html]
[getbootstrap.com/docs/5.0/forms/range/index.html]
[getbootstrap.com/docs/5.0/forms/input-group/index.html]
[getbootstrap.com/docs/5.0/forms/floating-labels/index.html]
[getbootstrap.com/docs/5.0/forms/layout/index.html]
[getbootstrap.com/docs/5.0/forms/validation/index.html]
[getbootstrap.com/docs/5.0/components/accordion/index.html]
[getbootstrap.com/docs/5.0/components/alerts/index.html]
[getbootstrap.com/docs/5.0/assets/js/validate-forms.js]
[getbootstrap.com/docs/5.0/dist/css/bootstrap.min.css]
[getbootstrap.com/docs/5.0/assets/css/docs.css]
[getbootstrap.com/docs/5.0/assets/img/favicons/favicon.ico]
[getbootstrap.com/docs/5.0/assets/brand/bootstrap-social.png]
[getbootstrap.com/docs/5.0/dist/js/bootstrap.bundle.min.js]
[getbootstrap.com/docs/5.0/assets/img/favicons/safari-pinned-tab.svg]
[cdn.carbonads.com/carbon7e4a.js]
[getbootstrap.com/docs/5.0/assets/brand/bootstrap-logo.svg]
[getbootstrap.com/docs/5.0/assets/brand/bootstrap-logo-black.svg]
[getbootstrap.com/docs/5.0/assets/brand/bootstrap-logo-white.svg]
